[Client] Registered signal handler for SIGINT
[Client] Socket created successfully (fd: 3)
[Client] Attempting to connect to 127.0.0.1:45000
[Client] Connected to Main Server using TCP on port 50548
[Client] Enter username: [Client] Enter password: 